1168 rows, 248 questionnaires, 15 outer folds, 13 models + ensemble
[ 1/13] LR (original)
    fitted in 16s
[ 2/13] SVM (original)
    fitted in 13s
[ 3/13] RF (original)
    fitted in 71s
[ 4/13] ANN (original)
    fitted in 28s
[ 5/13] LR (improved)
    fitted in 31s
[ 6/13] SVM (improved)
    fitted in 31s
[ 7/13] RF (improved)
    fitted in 249s
[ 8/13] ANN (improved)
    fitted in 34s
[ 9/13] Categorical NB
    fitted in 13s
[10/13] Extra Trees
    fitted in 214s
[11/13] Gradient Boosting (categorical)
  File "C:\Users\HP\AppData\Roaming\Python\Python311\site-packages\joblib\externals\loky\backend\context.py", line 257, in _count_physical_cores
    cpu_info = subprocess.run(
               ^^^^^^^^^^^^^^^
  File "C:\Program Files\Python311\Lib\subprocess.py", line 548, in run
    with Popen(*popenargs, **kwargs) as process:
         ^^^^^^^^^^^^^^^^^^^^^^^^^^^
  File "C:\Program Files\Python311\Lib\subprocess.py", line 1026, in __init__
    self._execute_child(args, executable, preexec_fn, close_fds,
  File "C:\Program Files\Python311\Lib\subprocess.py", line 1538, in _execute_child
    hp, ht, pid, tid = _winapi.CreateProcess(executable, args,
                       ^^^^^^^^^^^^^^^^^^^^^^^^^^^^^^^^^^^^^^^
    fitted in 60s
[12/13] kNN (Hamming)
    fitted in 15s
[13/13] LR + interactions (elastic net)
    fitted in 72s

=== Questionnaire-level results (mean over 3 repeats; CI = bootstrap over questionnaires) ===
                          Model   Family   AUC  AUC lo  AUC hi  AUC SD    F1  Recall  Precision  Specificity  Balanced accuracy   MCC  Brier  Row AUC
                  RF (original) original 0.730   0.673   0.795   0.015 0.633   0.635      0.630        0.667              0.651 0.302  0.205    0.904
                  RF (improved) improved 0.722   0.668   0.790   0.020 0.696   0.920      0.560        0.354              0.637 0.329  0.210    0.892
                    Extra Trees      new 0.717   0.659   0.784   0.019 0.700   0.946      0.555        0.323              0.635 0.339  0.214    0.890
                 SVM (original) original 0.705   0.649   0.771   0.020 0.645   0.709      0.592        0.562              0.636 0.274  0.237    0.870
             Soft-vote ensemble ensemble 0.703   0.644   0.769   0.014 0.681   0.923      0.540        0.295              0.609 0.277  0.219    0.871
                  kNN (Hamming)      new 0.701   0.649   0.776   0.010 0.682   0.895      0.551        0.349              0.622 0.288  0.244    0.869
                 SVM (improved) improved 0.674   0.651   0.776   0.037 0.672   0.895      0.543        0.316              0.605 0.263  0.233    0.817
Gradient Boosting (categorical)      new 0.671   0.621   0.757   0.026 0.663   0.900      0.525        0.272              0.586 0.219  0.253    0.839
                 Categorical NB      new 0.661   0.590   0.728   0.002 0.663   0.926      0.516        0.224              0.575 0.208  0.257    0.795
LR + interactions (elastic net)      new 0.653   0.603   0.733   0.014 0.655   0.846      0.534        0.341              0.594 0.215  0.258    0.812
                  LR (original) original 0.652   0.586   0.723   0.000 0.568   0.521      0.626        0.720              0.621 0.248  0.243    0.786
                  LR (improved) improved 0.647   0.585   0.720   0.006 0.652   0.917      0.506        0.201              0.559 0.169  0.242    0.776
                 ANN (improved) improved 0.641   0.580   0.718   0.037 0.643   0.895      0.503        0.209              0.552 0.151  0.295    0.804
                 ANN (original) original 0.626   0.570   0.707   0.015 0.554   0.547      0.562        0.618              0.583 0.166  0.293    0.786

=== Paired comparisons (Nadeau–Bengio corrected, Holm) ===
                          Model      Reference   Δ AUC  Δ AUC (repeat-level)  t (NB)  p (NB) Folds improved  q Holm
                  LR (improved)  LR (original)  0.0040               -0.0044  0.4510  0.6589           9/15  1.0000
                 SVM (improved) SVM (original)  0.0078               -0.0315  0.2882  0.7774           9/15  1.0000
                  RF (improved)  RF (original)  0.0002               -0.0083  0.0104  0.9918           8/15  1.0000
                 ANN (improved) ANN (original)  0.0078                0.0143  0.2026  0.8424           6/15  1.0000
                 Categorical NB  RF (original) -0.0629               -0.0686 -1.8155  0.0909           3/15  0.7273
                    Extra Trees  RF (original) -0.0082               -0.0128 -0.5681  0.5789           6/15  1.0000
Gradient Boosting (categorical)  RF (original) -0.0483               -0.0587 -2.7371  0.0160           0/15  0.1444
                  kNN (Hamming)  RF (original) -0.0222               -0.0288 -0.7288  0.4781           5/15  1.0000
LR + interactions (elastic net)  RF (original) -0.0639               -0.0773 -3.0713  0.0083           1/15  0.0829
             Soft-vote ensemble  RF (original) -0.0204               -0.0267 -0.9571  0.3547           5/15  1.0000

written to C:\Users\HP\Documents\PPD Research\results
