P1: 244 complete distinct questionnaires, masking 10% of cells x 30

P1 imputation accuracy (mode = 0.425):
                Method  Mean accuracy     SD  Δ vs mode  Wilcoxon p  q Holm
  MICE (random forest)         0.4941 0.0297     0.0692      0.0000  0.0000
    KNN (Hamming, k=7)         0.4870 0.0315     0.0622      0.0000  0.0000
       MICE (logistic)         0.4787 0.0277     0.0538      0.0000  0.0000
Iterative MCA (2 dims)         0.4576 0.0263     0.0327      0.0003  0.0003
     Marginal sampling         0.3638 0.0370    -0.0611      0.0000  0.0000

P2/P3 encodings and strategies (grouped CV, 5 folds x 5 repeats)
  [ 1/26] LR | One-hot                                pattern AUC 0.653  row AUC 0.790
  [ 2/26] RF | One-hot                                pattern AUC 0.726  row AUC 0.902
  [ 3/26] LR | One-hot + severity score (current)     pattern AUC 0.652  row AUC 0.789
  [ 4/26] RF | One-hot + severity score (current)     pattern AUC 0.727  row AUC 0.905
  [ 5/26] LR | Ordinal codes                          pattern AUC 0.633  row AUC 0.690
  [ 6/26] RF | Ordinal codes                          pattern AUC 0.702  row AUC 0.887
  [ 7/26] LR | Thermometer                            pattern AUC 0.654  row AUC 0.790
  [ 8/26] RF | Thermometer                            pattern AUC 0.707  row AUC 0.883
  [ 9/26] LR | Hybrid (one-hot + ordinal)             pattern AUC 0.653  row AUC 0.789
  [10/26] RF | Hybrid (one-hot + ordinal)             pattern AUC 0.721  row AUC 0.902
  [11/26] LR | Weight of evidence                     pattern AUC 0.658  row AUC 0.804
  [12/26] RF | Weight of evidence                     pattern AUC 0.712  row AUC 0.891
  [13/26] LR | Target encoding (cross-fitted)         pattern AUC 0.661  row AUC 0.810
  [14/26] RF | Target encoding (cross-fitted)         pattern AUC 0.696  row AUC 0.881
  [15/26] LR | MCA components (8)                     pattern AUC 0.657  row AUC 0.784
  [16/26] RF | MCA components (8)                     pattern AUC 0.677  row AUC 0.815
  [17/26] LR | One-hot + pairwise interactions        pattern AUC 0.613  row AUC 0.761
  [18/26] RF | One-hot + pairwise interactions        pattern AUC 0.731  row AUC 0.903
  [19/26] LR | Inverse-frequency weights              pattern AUC 0.635  row AUC 0.742
  [20/26] RF | Inverse-frequency weights              pattern AUC 0.709  row AUC 0.880
  [21/26] LR | Deduplicated training                  pattern AUC 0.640  row AUC 0.740
  [22/26] RF | Deduplicated training                  pattern AUC 0.692  row AUC 0.850
  [23/26] LR | Balanced class weights                 pattern AUC 0.652  row AUC 0.790
  [24/26] RF | Balanced class weights                 pattern AUC 0.726  row AUC 0.901
  [25/26] LR | Drop null items (Anxious, Appetite)    pattern AUC 0.655  row AUC 0.795
  [26/26] RF | Drop null items (Anxious, Appetite)    pattern AUC 0.719  row AUC 0.896
  Family                              Config Model  Pattern AUC  Pattern AUC SD  Row AUC  Δ vs one-hot  t (NB corrected)  p (NB corrected)  q Holm  Row − pattern gap
Encoding                             One-hot    LR       0.6528          0.0122   0.7896        0.0000            0.0000               NaN     NaN             0.1368
Encoding                             One-hot    RF       0.7261          0.0150   0.9017        0.0000            0.0000               NaN     NaN             0.1756
Encoding  One-hot + severity score (current)    LR       0.6525          0.0122   0.7894       -0.0004           -0.5729            0.5721  1.0000             0.1370
Encoding  One-hot + severity score (current)    RF       0.7272          0.0165   0.9045        0.0034            0.3315            0.7431  1.0000             0.1773
Encoding                       Ordinal codes    LR       0.6335          0.0114   0.6901       -0.0153           -0.4169            0.6804  1.0000             0.0566
Encoding                       Ordinal codes    RF       0.7020          0.0200   0.8872       -0.0253           -1.2637            0.2185  1.0000             0.1852
Encoding                         Thermometer    LR       0.6535          0.0121   0.7904        0.0016            1.1544            0.2597  1.0000             0.1368
Encoding                         Thermometer    RF       0.7072          0.0168   0.8830       -0.0187           -1.0428            0.3074  1.0000             0.1758
Encoding          Hybrid (one-hot + ordinal)    LR       0.6529          0.0121   0.7894        0.0016            0.6188            0.5419  1.0000             0.1364
Encoding          Hybrid (one-hot + ordinal)    RF       0.7207          0.0170   0.9015       -0.0051           -0.5487            0.5883  1.0000             0.1808
Encoding                  Weight of evidence    LR       0.6583          0.0122   0.8044        0.0101            0.9845            0.3347  1.0000             0.1462
Encoding                  Weight of evidence    RF       0.7121          0.0123   0.8910       -0.0147           -1.2855            0.2109  1.0000             0.1789
Encoding      Target encoding (cross-fitted)    LR       0.6614          0.0102   0.8102        0.0134            0.9619            0.3457  1.0000             0.1489
Encoding      Target encoding (cross-fitted)    RF       0.6960          0.0132   0.8812       -0.0321           -1.9147            0.0675  0.8104             0.1852
Encoding                  MCA components (8)    LR       0.6566          0.0136   0.7840        0.0064            0.3277            0.7460  1.0000             0.1273
Encoding                  MCA components (8)    RF       0.6771          0.0211   0.8151       -0.0470           -1.2852            0.2110  1.0000             0.1380
Encoding     One-hot + pairwise interactions    LR       0.6128          0.0145   0.7614       -0.0388           -0.8222            0.4191  1.0000             0.1487
Encoding     One-hot + pairwise interactions    RF       0.7312          0.0167   0.9029        0.0065            0.7853            0.4400  1.0000             0.1717
Strategy           Inverse-frequency weights    LR       0.6350          0.0052   0.7418       -0.0104           -0.4717            0.6414  1.0000             0.1069
Strategy           Inverse-frequency weights    RF       0.7089          0.0168   0.8805       -0.0165           -0.9526            0.3503  1.0000             0.1715
Strategy               Deduplicated training    LR       0.6397          0.0078   0.7404       -0.0074           -0.2929            0.7721  1.0000             0.1007
Strategy               Deduplicated training    RF       0.6919          0.0129   0.8497       -0.0310           -1.6467            0.1127  1.0000             0.1577
Strategy              Balanced class weights    LR       0.6516          0.0132   0.7904       -0.0003           -0.0715            0.9436  1.0000             0.1388
Strategy              Balanced class weights    RF       0.7260          0.0158   0.9011        0.0017            0.3069            0.7615  1.0000             0.1750
Strategy Drop null items (Anxious, Appetite)    LR       0.6554          0.0120   0.7948        0.0048            1.1355            0.2674  1.0000             0.1394
Strategy Drop null items (Anxious, Appetite)    RF       0.7191          0.0137   0.8958       -0.0061           -0.5789            0.5681  1.0000             0.1767

written to C:\Users\HP\Documents\PPD Research\results
